Archive member included to satisfy reference by file (symbol)

c:/program files/microchip/xc8/v2.31/avr/bin/../lib/gcc/avr/5.4.0/avr5/memx-const\libgcc.a(_exit.o)
                              C:/Program Files (x86)/Atmel/Studio/7.0/Packs/atmel/ATmega_DFP/1.6.364/xc8/avr/lib/avr5/memx-const/crtatmega32a.o (exit)
c:/program files/microchip/xc8/v2.31/avr/bin/../lib/gcc/avr/5.4.0/avr5/memx-const\libgcc.a(_movmemx.o)
                              main.o (__movmemx_qi)

Discarded input sections

 .data          0x0000000000000000        0x0 C:/Program Files (x86)/Atmel/Studio/7.0/Packs/atmel/ATmega_DFP/1.6.364/xc8/avr/lib/avr5/memx-const/crtatmega32a.o
 .bss           0x0000000000000000        0x0 C:/Program Files (x86)/Atmel/Studio/7.0/Packs/atmel/ATmega_DFP/1.6.364/xc8/avr/lib/avr5/memx-const/crtatmega32a.o
 .text          0x0000000000000000        0x0 HAL/LCD/LCD_program.o
 .data          0x0000000000000000        0x0 HAL/LCD/LCD_program.o
 .bss           0x0000000000000000        0x0 HAL/LCD/LCD_program.o
 .text.LCD_WriteChar
                0x0000000000000000       0x50 HAL/LCD/LCD_program.o
 .text.LCD_Command
                0x0000000000000000       0x50 HAL/LCD/LCD_program.o
 .text.LCD_Init
                0x0000000000000000       0x3c HAL/LCD/LCD_program.o
 .text.LCD_WRITE_STRING
                0x0000000000000000       0x26 HAL/LCD/LCD_program.o
 .text.LCD_GoToRowCol
                0x0000000000000000       0x1a HAL/LCD/LCD_program.o
 .text.LCD_SendStringRowCol
                0x0000000000000000       0x16 HAL/LCD/LCD_program.o
 .text.LCD_ClearScreen_4bit
                0x0000000000000000        0x8 HAL/LCD/LCD_program.o
 .text.LCD_ClearScreen
                0x0000000000000000        0x8 HAL/LCD/LCD_program.o
 .text          0x0000000000000000        0x0 HAL/LED/src/Led.o
 .data          0x0000000000000000        0x0 HAL/LED/src/Led.o
 .bss           0x0000000000000000        0x0 HAL/LED/src/Led.o
 .text.Led_ON   0x0000000000000000       0x30 HAL/LED/src/Led.o
 .text.Led_OFF  0x0000000000000000       0x30 HAL/LED/src/Led.o
 .text.Led_Toggle
                0x0000000000000000       0x2a HAL/LED/src/Led.o
 .text          0x0000000000000000        0x0 main.o
 .data          0x0000000000000000        0x0 main.o
 .bss           0x0000000000000000        0x0 main.o
 .text          0x0000000000000000        0x0 MCAL/DIO/src/DIO_PROGRAM.o
 .data          0x0000000000000000        0x0 MCAL/DIO/src/DIO_PROGRAM.o
 .bss           0x0000000000000000        0x0 MCAL/DIO/src/DIO_PROGRAM.o
 .text.DIO_SetPortValue
                0x0000000000000000       0x74 MCAL/DIO/src/DIO_PROGRAM.o
 .text.DIO_GETPinValue
                0x0000000000000000       0x74 MCAL/DIO/src/DIO_PROGRAM.o
 .text.Dio_FlipChannel
                0x0000000000000000       0x68 MCAL/DIO/src/DIO_PROGRAM.o
 .text.Dio_WriteChannelGroup
                0x0000000000000000       0x70 MCAL/DIO/src/DIO_PROGRAM.o
 .text.Dio_ReadChannelGroup
                0x0000000000000000       0x52 MCAL/DIO/src/DIO_PROGRAM.o
 .text          0x0000000000000000        0x0 MCAL/SPI/src/SPI.o
 .data          0x0000000000000000        0x0 MCAL/SPI/src/SPI.o
 .bss           0x0000000000000000        0x0 MCAL/SPI/src/SPI.o
 .text.Spi_SlaveInit
                0x0000000000000000       0x36 MCAL/SPI/src/SPI.o
 .text.Spi_MasterRead
                0x0000000000000000        0xc MCAL/SPI/src/SPI.o
 .text.Spi_MasterTranseve
                0x0000000000000000        0xa MCAL/SPI/src/SPI.o
 .text.Spi_SlaveRead
                0x0000000000000000        0x8 MCAL/SPI/src/SPI.o
 .text.Spi_SlaveWrite
                0x0000000000000000        0x4 MCAL/SPI/src/SPI.o
 .text          0x0000000000000000        0x0 MCAL/UART/src/UART.o
 .data          0x0000000000000000        0x0 MCAL/UART/src/UART.o
 .bss           0x0000000000000000        0x0 MCAL/UART/src/UART.o
 .text.UART_Send
                0x0000000000000000        0x8 MCAL/UART/src/UART.o
 .text.UART_SendStr
                0x0000000000000000       0x1a MCAL/UART/src/UART.o
 .text          0x0000000000000000        0x0 c:/program files/microchip/xc8/v2.31/avr/bin/../lib/gcc/avr/5.4.0/avr5/memx-const\libgcc.a(_exit.o)
 .data          0x0000000000000000        0x0 c:/program files/microchip/xc8/v2.31/avr/bin/../lib/gcc/avr/5.4.0/avr5/memx-const\libgcc.a(_exit.o)
 .bss           0x0000000000000000        0x0 c:/program files/microchip/xc8/v2.31/avr/bin/../lib/gcc/avr/5.4.0/avr5/memx-const\libgcc.a(_exit.o)
 .text.libgcc.mul
                0x0000000000000000        0x0 c:/program files/microchip/xc8/v2.31/avr/bin/../lib/gcc/avr/5.4.0/avr5/memx-const\libgcc.a(_exit.o)
 .text.libgcc.div
                0x0000000000000000        0x0 c:/program files/microchip/xc8/v2.31/avr/bin/../lib/gcc/avr/5.4.0/avr5/memx-const\libgcc.a(_exit.o)
 .text.libgcc   0x0000000000000000        0x0 c:/program files/microchip/xc8/v2.31/avr/bin/../lib/gcc/avr/5.4.0/avr5/memx-const\libgcc.a(_exit.o)
 .text.libgcc.prologue
                0x0000000000000000        0x0 c:/program files/microchip/xc8/v2.31/avr/bin/../lib/gcc/avr/5.4.0/avr5/memx-const\libgcc.a(_exit.o)
 .text.libgcc.builtins
                0x0000000000000000        0x0 c:/program files/microchip/xc8/v2.31/avr/bin/../lib/gcc/avr/5.4.0/avr5/memx-const\libgcc.a(_exit.o)
 .text.libgcc.fmul
                0x0000000000000000        0x0 c:/program files/microchip/xc8/v2.31/avr/bin/../lib/gcc/avr/5.4.0/avr5/memx-const\libgcc.a(_exit.o)
 .text.libgcc.fixed
                0x0000000000000000        0x0 c:/program files/microchip/xc8/v2.31/avr/bin/../lib/gcc/avr/5.4.0/avr5/memx-const\libgcc.a(_exit.o)
 .text          0x0000000000000000        0x0 c:/program files/microchip/xc8/v2.31/avr/bin/../lib/gcc/avr/5.4.0/avr5/memx-const\libgcc.a(_movmemx.o)
 .data          0x0000000000000000        0x0 c:/program files/microchip/xc8/v2.31/avr/bin/../lib/gcc/avr/5.4.0/avr5/memx-const\libgcc.a(_movmemx.o)
 .bss           0x0000000000000000        0x0 c:/program files/microchip/xc8/v2.31/avr/bin/../lib/gcc/avr/5.4.0/avr5/memx-const\libgcc.a(_movmemx.o)
 .text.libgcc.mul
                0x0000000000000000        0x0 c:/program files/microchip/xc8/v2.31/avr/bin/../lib/gcc/avr/5.4.0/avr5/memx-const\libgcc.a(_movmemx.o)
 .text.libgcc.div
                0x0000000000000000        0x0 c:/program files/microchip/xc8/v2.31/avr/bin/../lib/gcc/avr/5.4.0/avr5/memx-const\libgcc.a(_movmemx.o)
 .text.libgcc.prologue
                0x0000000000000000        0x0 c:/program files/microchip/xc8/v2.31/avr/bin/../lib/gcc/avr/5.4.0/avr5/memx-const\libgcc.a(_movmemx.o)
 .text.libgcc.builtins
                0x0000000000000000        0x0 c:/program files/microchip/xc8/v2.31/avr/bin/../lib/gcc/avr/5.4.0/avr5/memx-const\libgcc.a(_movmemx.o)
 .text.libgcc.fmul
                0x0000000000000000        0x0 c:/program files/microchip/xc8/v2.31/avr/bin/../lib/gcc/avr/5.4.0/avr5/memx-const\libgcc.a(_movmemx.o)
 .text.libgcc.fixed
                0x0000000000000000        0x0 c:/program files/microchip/xc8/v2.31/avr/bin/../lib/gcc/avr/5.4.0/avr5/memx-const\libgcc.a(_movmemx.o)

Memory Configuration

Name             Origin             Length             Attributes
text             0x0000000000000000 0x0000000000008000 xr
data             0x0000000000800060 0x0000000000000800 rw !x
eeprom           0x0000000000810000 0x0000000000000400 rw !x
fuse             0x0000000000820000 0x0000000000000002 rw !x
lock             0x0000000000830000 0x0000000000000400 rw !x
signature        0x0000000000840000 0x0000000000000400 rw !x
user_signatures  0x0000000000850000 0x0000000000000400 rw !x
*default*        0x0000000000000000 0xffffffffffffffff

Linker script and memory map

LOAD C:/Program Files (x86)/Atmel/Studio/7.0/Packs/atmel/ATmega_DFP/1.6.364/xc8/avr/lib/avr5/memx-const/crtatmega32a.o
LOAD HAL/LCD/LCD_program.o
LOAD HAL/LED/src/Led.o
LOAD main.o
LOAD MCAL/DIO/src/DIO_PROGRAM.o
LOAD MCAL/SPI/src/SPI.o
LOAD MCAL/UART/src/UART.o
START GROUP
LOAD c:/program files/microchip/xc8/v2.31/avr/bin/../lib/gcc/avr/5.4.0/../../../../avr/lib/avr5/memx-const\libm.a
END GROUP
START GROUP
LOAD c:/program files/microchip/xc8/v2.31/avr/bin/../lib/gcc/avr/5.4.0/avr5/memx-const\libgcc.a
LOAD c:/program files/microchip/xc8/v2.31/avr/bin/../lib/gcc/avr/5.4.0/../../../../avr/lib/avr5/memx-const\libm.a
LOAD c:/program files/microchip/xc8/v2.31/avr/bin/../lib/gcc/avr/5.4.0/../../../../avr/lib/avr5/memx-const\libc.a
LOAD C:/Program Files (x86)/Atmel/Studio/7.0/Packs/atmel/ATmega_DFP/1.6.364/xc8/avr/lib/avr5/memx-const\libatmega32a.a
END GROUP
                [0x0000000000000000]                __TEXT_REGION_ORIGIN__ = DEFINED (__TEXT_REGION_ORIGIN__)?__TEXT_REGION_ORIGIN__:0x0
                [0x0000000000800060]                __DATA_REGION_ORIGIN__ = DEFINED (__DATA_REGION_ORIGIN__)?__DATA_REGION_ORIGIN__:0x800060
                [0x0000000000008000]                __TEXT_REGION_LENGTH__ = DEFINED (__TEXT_REGION_LENGTH__)?__TEXT_REGION_LENGTH__:0x20000
                [0x0000000000000800]                __DATA_REGION_LENGTH__ = DEFINED (__DATA_REGION_LENGTH__)?__DATA_REGION_LENGTH__:0xffa0
                [0x0000000000000400]                __EEPROM_REGION_LENGTH__ = DEFINED (__EEPROM_REGION_LENGTH__)?__EEPROM_REGION_LENGTH__:0x10000
                [0x0000000000000002]                __FUSE_REGION_LENGTH__ = DEFINED (__FUSE_REGION_LENGTH__)?__FUSE_REGION_LENGTH__:0x400
                0x0000000000000400                __LOCK_REGION_LENGTH__ = DEFINED (__LOCK_REGION_LENGTH__)?__LOCK_REGION_LENGTH__:0x400
                0x0000000000000400                __SIGNATURE_REGION_LENGTH__ = DEFINED (__SIGNATURE_REGION_LENGTH__)?__SIGNATURE_REGION_LENGTH__:0x400
                0x0000000000000400                __USER_SIGNATURE_REGION_LENGTH__ = DEFINED (__USER_SIGNATURE_REGION_LENGTH__)?__USER_SIGNATURE_REGION_LENGTH__:0x400

.hash
 *(.hash)

.dynsym
 *(.dynsym)

.dynstr
 *(.dynstr)

.gnu.version
 *(.gnu.version)

.gnu.version_d
 *(.gnu.version_d)

.gnu.version_r
 *(.gnu.version_r)

.rel.init
 *(.rel.init)

.rela.init
 *(.rela.init)

.rel.text
 *(.rel.text)
 *(.rel.text.*)
 *(.rel.gnu.linkonce.t*)

.rela.text
 *(.rela.text)
 *(.rela.text.*)
 *(.rela.gnu.linkonce.t*)

.rel.fini
 *(.rel.fini)

.rela.fini
 *(.rela.fini)

.rel.rodata
 *(.rel.rodata)
 *(.rel.rodata.*)
 *(.rel.gnu.linkonce.r*)

.rela.rodata
 *(.rela.rodata)
 *(.rela.rodata.*)
 *(.rela.gnu.linkonce.r*)

.rel.data
 *(.rel.data)
 *(.rel.data.*)
 *(.rel.gnu.linkonce.d*)

.rela.data
 *(.rela.data)
 *(.rela.data.*)
 *(.rela.gnu.linkonce.d*)

.rel.ctors
 *(.rel.ctors)

.rela.ctors
 *(.rela.ctors)

.rel.dtors
 *(.rel.dtors)

.rela.dtors
 *(.rela.dtors)

.rel.got
 *(.rel.got)

.rela.got
 *(.rela.got)

.rel.bss
 *(.rel.bss)

.rela.bss
 *(.rela.bss)

.rel.plt
 *(.rel.plt)

.rela.plt
 *(.rela.plt)

.text           0x0000000000000000       0x6c
 *(.vectors)
 .vectors       0x0000000000000000       0x54 C:/Program Files (x86)/Atmel/Studio/7.0/Packs/atmel/ATmega_DFP/1.6.364/xc8/avr/lib/avr5/memx-const/crtatmega32a.o
                0x0000000000000000                __vector_default
                0x0000000000000000                __vectors
 *(.vectors)
 *(.progmem.gcc*)
 *(.dinit)
 .dinit         0x0000000000000054        0x0 data_init
                0x0000000000000054                . = ALIGN (0x2)
                0x0000000000000054                __trampolines_start = .
 *(.trampolines)
 .trampolines   0x0000000000000054        0x0 linker stubs
 *(.trampolines*)
                0x0000000000000054                __trampolines_end = .
 *libprintf_flt.a:*(.progmem.data)
 *libc.a:*(.progmem.data)
                0x0000000000000054                . = ALIGN (0x2)
 *(.jumptables)
 *(.jumptables*)
 *(.lowtext)
 *(.lowtext*)
                0x0000000000000054                __ctors_start = .
 *(.ctors)
                0x0000000000000054                __ctors_end = .
                0x0000000000000054                __dtors_start = .
 *(.dtors)
                0x0000000000000054                __dtors_end = .
 SORT(*)(.ctors)
 SORT(*)(.dtors)
 *(.init0)
 .init0         0x0000000000000054        0x0 C:/Program Files (x86)/Atmel/Studio/7.0/Packs/atmel/ATmega_DFP/1.6.364/xc8/avr/lib/avr5/memx-const/crtatmega32a.o
                0x0000000000000054                __init
 *(.init0)
 *(.init1)
 *(.init1)
 *(.init2)
 .init2         0x0000000000000054        0xc C:/Program Files (x86)/Atmel/Studio/7.0/Packs/atmel/ATmega_DFP/1.6.364/xc8/avr/lib/avr5/memx-const/crtatmega32a.o
 *(.init2)
 *(.init3)
 *(.init3)
 *(.init4)
 *(.init4)
 *(.init5)
 *(.init5)
 *(.init6)
 *(.init6)
 *(.init7)
 *(.init7)
 *(.init8)
 *(.init8)
 *(.init9)
 .init9         0x0000000000000060        0x8 C:/Program Files (x86)/Atmel/Studio/7.0/Packs/atmel/ATmega_DFP/1.6.364/xc8/avr/lib/avr5/memx-const/crtatmega32a.o
 *(.init9)
                0x0000000000000068                . = ALIGN (0x2)
 *(.fini9)
 .fini9         0x0000000000000068        0x0 c:/program files/microchip/xc8/v2.31/avr/bin/../lib/gcc/avr/5.4.0/avr5/memx-const\libgcc.a(_exit.o)
                0x0000000000000068                _exit
                0x0000000000000068                exit
 *(.fini9)
 *(.fini8)
 *(.fini8)
 *(.fini7)
 *(.fini7)
 *(.fini6)
 *(.fini6)
 *(.fini5)
 *(.fini5)
 *(.fini4)
 *(.fini4)
 *(.fini3)
 *(.fini3)
 *(.fini2)
 *(.fini2)
 *(.fini1)
 *(.fini1)
 *(.fini0)
 .fini0         0x0000000000000068        0x4 c:/program files/microchip/xc8/v2.31/avr/bin/../lib/gcc/avr/5.4.0/avr5/memx-const\libgcc.a(_exit.o)
 *(.fini0)
                0x000000000000006c                _etext = .

.data           0x0000000000800060        0x0 load address 0x000000000000006c
                [!provide]                        PROVIDE (__data_start, .)
 *(.gnu.linkonce.d*)
 *(.gnu.linkonce.r*)
                0x0000000000800060                . = ALIGN (0x2)
                0x0000000000800060                _edata = .
                [!provide]                        PROVIDE (__data_end, .)

.bss            0x0000000000800060        0x0
                [!provide]                        PROVIDE (__bss_start, .)
 *(COMMON)
                [!provide]                        PROVIDE (__bss_end, .)
                0x000000000000006c                __data_load_start = LOADADDR (.data)
                0x000000000000006c                __data_load_end = (__data_load_start + SIZEOF (.data))

.noinit         0x0000000000800060        0x0
                [!provide]                        PROVIDE (__noinit_start, .)
 *(.noinit*)
                [!provide]                        PROVIDE (__noinit_end, .)
                0x0000000000800060                _end = .

.eeprom         0x0000000000810000        0x0
 *(.eeprom*)
                0x0000000000810000                __eeprom_end = .

.fuse
 *(.fuse)
 *(.lfuse)
 *(.hfuse)
 *(.efuse)

.lock
 *(.lock*)

.signature
 *(.signature*)

.user_signatures
 *(.user_signatures*)

.stab
 *(.stab)

.stabstr
 *(.stabstr)

.stab.excl
 *(.stab.excl)

.stab.exclstr
 *(.stab.exclstr)

.stab.index
 *(.stab.index)

.stab.indexstr
 *(.stab.indexstr)

.comment        0x0000000000000000       0x2f
 *(.comment)
 .comment       0x0000000000000000       0x2f HAL/LCD/LCD_program.o
                                         0x30 (size before relaxing)
 .comment       0x000000000000002f       0x30 HAL/LED/src/Led.o
 .comment       0x000000000000002f       0x30 main.o
 .comment       0x000000000000002f       0x30 MCAL/DIO/src/DIO_PROGRAM.o
 .comment       0x000000000000002f       0x30 MCAL/SPI/src/SPI.o
 .comment       0x000000000000002f       0x30 MCAL/UART/src/UART.o

.note.gnu.build-id
 *(.note.gnu.build-id)

.debug
 *(.debug)

.line
 *(.line)

.debug_srcinfo
 *(.debug_srcinfo)

.debug_sfnames
 *(.debug_sfnames)

.debug_aranges  0x0000000000000000      0x1b0
 *(.debug_aranges)
 .debug_aranges
                0x0000000000000000       0x78 HAL/LCD/LCD_program.o
 .debug_aranges
                0x0000000000000078       0x38 HAL/LED/src/Led.o
 .debug_aranges
                0x00000000000000b0       0x20 main.o
 .debug_aranges
                0x00000000000000d0       0x58 MCAL/DIO/src/DIO_PROGRAM.o
 .debug_aranges
                0x0000000000000128       0x50 MCAL/SPI/src/SPI.o
 .debug_aranges
                0x0000000000000178       0x38 MCAL/UART/src/UART.o

.debug_pubnames
 *(.debug_pubnames)

.debug_info     0x0000000000000000     0x29de
 *(.debug_info .gnu.linkonce.wi.*)
 .debug_info    0x0000000000000000      0x4e6 C:/Program Files (x86)/Atmel/Studio/7.0/Packs/atmel/ATmega_DFP/1.6.364/xc8/avr/lib/avr5/memx-const/crtatmega32a.o
 .debug_info    0x00000000000004e6      0xd9b HAL/LCD/LCD_program.o
 .debug_info    0x0000000000001281      0x4a4 HAL/LED/src/Led.o
 .debug_info    0x0000000000001725      0x52c main.o
 .debug_info    0x0000000000001c51      0x52f MCAL/DIO/src/DIO_PROGRAM.o
 .debug_info    0x0000000000002180      0x514 MCAL/SPI/src/SPI.o
 .debug_info    0x0000000000002694      0x34a MCAL/UART/src/UART.o

.debug_abbrev   0x0000000000000000      0xa94
 *(.debug_abbrev)
 .debug_abbrev  0x0000000000000000      0x4a3 C:/Program Files (x86)/Atmel/Studio/7.0/Packs/atmel/ATmega_DFP/1.6.364/xc8/avr/lib/avr5/memx-const/crtatmega32a.o
 .debug_abbrev  0x00000000000004a3      0x14a HAL/LCD/LCD_program.o
 .debug_abbrev  0x00000000000005ed       0xa5 HAL/LED/src/Led.o
 .debug_abbrev  0x0000000000000692      0x145 main.o
 .debug_abbrev  0x00000000000007d7      0x105 MCAL/DIO/src/DIO_PROGRAM.o
 .debug_abbrev  0x00000000000008dc      0x10a MCAL/SPI/src/SPI.o
 .debug_abbrev  0x00000000000009e6       0xae MCAL/UART/src/UART.o

.debug_line     0x0000000000000000      0xdf1
 *(.debug_line .debug_line.* .debug_line_end)
 .debug_line    0x0000000000000000      0x119 C:/Program Files (x86)/Atmel/Studio/7.0/Packs/atmel/ATmega_DFP/1.6.364/xc8/avr/lib/avr5/memx-const/crtatmega32a.o
 .debug_line    0x0000000000000119      0x40f HAL/LCD/LCD_program.o
 .debug_line    0x0000000000000528      0x132 HAL/LED/src/Led.o
 .debug_line    0x000000000000065a      0x1aa main.o
 .debug_line    0x0000000000000804      0x35a MCAL/DIO/src/DIO_PROGRAM.o
 .debug_line    0x0000000000000b5e      0x1a9 MCAL/SPI/src/SPI.o
 .debug_line    0x0000000000000d07       0xea MCAL/UART/src/UART.o

.debug_frame    0x0000000000000000      0x328
 *(.debug_frame)
 .debug_frame   0x0000000000000000      0x120 HAL/LCD/LCD_program.o
 .debug_frame   0x0000000000000120       0x54 HAL/LED/src/Led.o
 .debug_frame   0x0000000000000174       0x34 main.o
 .debug_frame   0x00000000000001a8       0x94 MCAL/DIO/src/DIO_PROGRAM.o
 .debug_frame   0x000000000000023c       0x8c MCAL/SPI/src/SPI.o
 .debug_frame   0x00000000000002c8       0x60 MCAL/UART/src/UART.o

.debug_str      0x0000000000000000      0x2a4
 *(.debug_str)
 .debug_str     0x0000000000000000      0x196 C:/Program Files (x86)/Atmel/Studio/7.0/Packs/atmel/ATmega_DFP/1.6.364/xc8/avr/lib/avr5/memx-const/crtatmega32a.o
 .debug_str     0x0000000000000196       0x36 HAL/LCD/LCD_program.o
 .debug_str     0x00000000000001cc       0x34 HAL/LED/src/Led.o
 .debug_str     0x0000000000000200       0x60 main.o
 .debug_str     0x0000000000000260       0x20 MCAL/DIO/src/DIO_PROGRAM.o
 .debug_str     0x0000000000000280       0x24 MCAL/SPI/src/SPI.o
 .debug_str     0x00000000000002a4        0x0 MCAL/UART/src/UART.o

.debug_loc      0x0000000000000000     0x10d8
 *(.debug_loc)
 .debug_loc     0x0000000000000000      0x751 HAL/LCD/LCD_program.o
 .debug_loc     0x0000000000000751       0xf9 HAL/LED/src/Led.o
 .debug_loc     0x000000000000084a       0xae main.o
 .debug_loc     0x00000000000008f8      0x6f8 MCAL/DIO/src/DIO_PROGRAM.o
 .debug_loc     0x0000000000000ff0       0x6b MCAL/SPI/src/SPI.o
 .debug_loc     0x000000000000105b       0x7d MCAL/UART/src/UART.o

.debug_macinfo
 *(.debug_macinfo)

.debug_weaknames
 *(.debug_weaknames)

.debug_funcnames
 *(.debug_funcnames)

.debug_typenames
 *(.debug_typenames)

.debug_varnames
 *(.debug_varnames)

.debug_pubtypes
 *(.debug_pubtypes)

.debug_ranges   0x0000000000000000      0x150
 *(.debug_ranges)
 .debug_ranges  0x0000000000000000       0x68 HAL/LCD/LCD_program.o
 .debug_ranges  0x0000000000000068       0x28 HAL/LED/src/Led.o
 .debug_ranges  0x0000000000000090       0x10 main.o
 .debug_ranges  0x00000000000000a0       0x48 MCAL/DIO/src/DIO_PROGRAM.o
 .debug_ranges  0x00000000000000e8       0x40 MCAL/SPI/src/SPI.o
 .debug_ranges  0x0000000000000128       0x28 MCAL/UART/src/UART.o

.debug_macro
 *(.debug_macro)
OUTPUT(MASTER_MCU.elf elf32-avr)
LOAD linker stubs
LOAD data_init

.note.gnu.avr.deviceinfo
                0x0000000000000000       0x3c
 .note.gnu.avr.deviceinfo
                0x0000000000000000       0x3c C:/Program Files (x86)/Atmel/Studio/7.0/Packs/atmel/ATmega_DFP/1.6.364/xc8/avr/lib/avr5/memx-const/crtatmega32a.o

.progmemx.data  0x000000000000006c        0xb
 .progmemx.data
                0x000000000000006c        0xb main.o

.text.DIO_SetPinDirection
                0x0000000000000078       0xec
 .text.DIO_SetPinDirection
                0x0000000000000078       0xec MCAL/DIO/src/DIO_PROGRAM.o
                0x0000000000000078                DIO_SetPinDirection

.text.DIO_SetPinValue
                0x0000000000000164       0xec
 .text.DIO_SetPinValue
                0x0000000000000164       0xec MCAL/DIO/src/DIO_PROGRAM.o
                0x0000000000000164                DIO_SetPinValue

.text.LCD_Command_4bit
                0x0000000000000250       0xa6
 .text.LCD_Command_4bit
                0x0000000000000250       0xa6 HAL/LCD/LCD_program.o
                0x0000000000000250                LCD_Command_4bit

.text.LCD_WriteChar_4bit
                0x00000000000002f6       0xa6
 .text.LCD_WriteChar_4bit
                0x00000000000002f6       0xa6 HAL/LCD/LCD_program.o
                0x00000000000002f6                LCD_WriteChar_4bit

.text.main      0x000000000000039c       0x84
 .text.main     0x000000000000039c       0x84 main.o
                0x000000000000039c                main

.text.DIO_SetPortDirection
                0x0000000000000420       0x74
 .text.DIO_SetPortDirection
                0x0000000000000420       0x74 MCAL/DIO/src/DIO_PROGRAM.o
                0x0000000000000420                DIO_SetPortDirection

.text.Spi_MasterInit
                0x0000000000000494       0x46
 .text.Spi_MasterInit
                0x0000000000000494       0x46 MCAL/SPI/src/SPI.o
                0x0000000000000494                Spi_MasterInit

.text.LCD_Init_4bit
                0x00000000000004da       0x42
 .text.LCD_Init_4bit
                0x00000000000004da       0x42 HAL/LCD/LCD_program.o
                0x00000000000004da                LCD_Init_4bit

.text.LCD_WRITE_STRING_4bit
                0x000000000000051c       0x26
 .text.LCD_WRITE_STRING_4bit
                0x000000000000051c       0x26 HAL/LCD/LCD_program.o
                0x000000000000051c                LCD_WRITE_STRING_4bit

.text.Led_Init  0x0000000000000542       0x20
 .text.Led_Init
                0x0000000000000542       0x20 HAL/LED/src/Led.o
                0x0000000000000542                Led_Init

.text.Spi_MasterWrite
                0x0000000000000562       0x1a
 .text.Spi_MasterWrite
                0x0000000000000562       0x1a MCAL/SPI/src/SPI.o
                0x0000000000000562                Spi_MasterWrite

.text.libgcc    0x000000000000057c       0x1a
 .text.libgcc   0x000000000000057c       0x1a c:/program files/microchip/xc8/v2.31/avr/bin/../lib/gcc/avr/5.4.0/avr5/memx-const\libgcc.a(_movmemx.o)
                0x000000000000057c                __movmemx_qi
                0x000000000000057e                __movmemx_hi

.text.UART_Init
                0x0000000000000596       0x18
 .text.UART_Init
                0x0000000000000596       0x18 MCAL/UART/src/UART.o
                0x0000000000000596                UART_Init

.text.UART_Read
                0x00000000000005ae        0x6
 .text.UART_Read
                0x00000000000005ae        0x6 MCAL/UART/src/UART.o
                0x00000000000005ae                UART_Read

.text           0x00000000000005b4        0x4
 .text          0x00000000000005b4        0x4 C:/Program Files (x86)/Atmel/Studio/7.0/Packs/atmel/ATmega_DFP/1.6.364/xc8/avr/lib/avr5/memx-const/crtatmega32a.o
                0x00000000000005b4                __vector_1
                0x00000000000005b4                __vector_12
                0x00000000000005b4                __bad_interrupt
                0x00000000000005b4                __vector_6
                0x00000000000005b4                __vector_3
                0x00000000000005b4                __vector_11
                0x00000000000005b4                __vector_13
                0x00000000000005b4                __vector_17
                0x00000000000005b4                __vector_19
                0x00000000000005b4                __vector_7
                0x00000000000005b4                __vector_5
                0x00000000000005b4                __vector_4
                0x00000000000005b4                __vector_9
                0x00000000000005b4                __vector_2
                0x00000000000005b4                __vector_15
                0x00000000000005b4                __vector_8
                0x00000000000005b4                __vector_14
                0x00000000000005b4                __vector_10
                0x00000000000005b4                __vector_16
                0x00000000000005b4                __vector_18
                0x00000000000005b4                __vector_20
